// Jest Snapshot v1, https://goo.gl/fbAQLP

exports[`Me query component renders without error 1`] = `
<p>
  {}
</p>
`;
