// Jest Snapshot v1, https://goo.gl/fbAQLP

exports[`App component should match snap shot 1`] = `
<div
  className="fullHeight"
>
  <main
    id="main"
  >
    <div>
      <p>
        Test app children
      </p>
    </div>
  </main>
</div>
`;
