// Jest Snapshot v1, https://goo.gl/fbAQLP

exports[`_app should match the snapshot 1`] = `[Function]`;
